[ERROR]main - 2026-09-14 18:11:57 - Impossibile caricare modello
Traceback (most recent call last):
  File "/mnt/dati-ai/DATI_OLD/htdocs/pytone/ProfessionIA/cdci/main.py", line 36, in callModel
    resp.raise_for_status()
    ~~~~~~~~~~~~~~~~~~~~~^^
  File "/mnt/dati-ai/DATI_OLD/htdocs/pytone/ProfessionIA/.venv/lib/python3.14/site-packages/requests/models.py", line 1167, in raise_for_status
    raise HTTPError(http_error_msg, response=self)
requests.exceptions.HTTPError: 404 Client Error: Not Found for url: https://github.com/Profession-AI/progetti-devops/raw/refs/heads/main/Deploy%20e%20monitoraggio%20di%20un%20modello%20di%20sentiment%20analysis%20per%20recensioni/sentimentanalysismodel.pkl.
[ERROR]main - 2026-09-14 18:12:21 - Impossibile eseguire la richiesta, riprovare più tardi
[ERROR]main - 2026-09-14 18:12:30 - Impossibile eseguire la richiesta, riprovare più tardi
[ERROR]main - 2026-09-14 18:15:03 - Impossibile caricare modello
Traceback (most recent call last):
  File "/mnt/dati-ai/DATI_OLD/htdocs/pytone/ProfessionIA/cdci/main.py", line 36, in callModel
    resp.raise_for_status()
    ~~~~~~~~~~~~~~~~~~~~~^^
  File "/mnt/dati-ai/DATI_OLD/htdocs/pytone/ProfessionIA/.venv/lib/python3.14/site-packages/requests/models.py", line 1167, in raise_for_status
    raise HTTPError(http_error_msg, response=self)
requests.exceptions.HTTPError: 404 Client Error: Not Found for url: https://github.com/Profession-AI/progetti-devops/raw/refs/heads/main/Deploy%20e%20monitoraggio%20di%20un%20modello%20di%20sentiment%20analysis%20per%20recensioni/sentimentanalysismodel.pkl.
[ERROR]main - 2026-09-14 18:16:43 - Impossibile caricare modello
Traceback (most recent call last):
  File "/mnt/dati-ai/DATI_OLD/htdocs/pytone/ProfessionIA/cdci/main.py", line 37, in callModel
    loaded_pipeline = pickle.loads(resp.content)
_pickle.UnpicklingError: invalid load key, '<'.
[ERROR]main - 2026-09-14 18:23:30 - Impossibile caricare modello
Traceback (most recent call last):
  File "/mnt/dati-ai/DATI_OLD/htdocs/pytone/ProfessionIA/cdci/main.py", line 36, in callModel
    resp.raise_for_status()
    ~~~~~~~~~~~~~~~~~~~~~^^
  File "/mnt/dati-ai/DATI_OLD/htdocs/pytone/ProfessionIA/.venv/lib/python3.14/site-packages/requests/models.py", line 1167, in raise_for_status
    raise HTTPError(http_error_msg, response=self)
requests.exceptions.HTTPError: 404 Client Error: Not Found for url: https://github.com/Profession-AI/progetti-devops/raw/refs/heads/main/Deploy%20e%20monitoraggio%20di%20un%20modello%20di%20sentiment%20analysis%20per%20recensioni/sentimentanalysismodel.pkl
[ERROR]main - 2026-09-14 18:25:48 - Impossibile caricare modello
Traceback (most recent call last):
  File "/mnt/dati-ai/DATI_OLD/htdocs/pytone/ProfessionIA/cdci/main.py", line 38, in callModel
    "Deploy%20e%20monitoraggio%20di%20un%20modello%20di%20sentiment%20analysis%20per%20recensioni/"
    ^^^^^^^^^^^^^^^^^^^^^^^
  File "/mnt/dati-ai/DATI_OLD/htdocs/pytone/ProfessionIA/.venv/lib/python3.14/site-packages/requests/models.py", line 1167, in raise_for_status
    raise HTTPError(http_error_msg, response=self)
requests.exceptions.HTTPError: 404 Client Error: Not Found for url: https://raw.githubusercontent.com/Profession-AI/progetti-devops/main/
[INFO]httpx - 2026-09-14 18:26:05 - HTTP Request: GET https://raw.githubusercontent.com/Profession-AI/progetti-devops/main/Deploy%20e%20monitoraggio%20di%20un%20modello%20di%20sentiment%20analysis%20per%20recensioni/sentiment_analysis_model.pkl "HTTP/1.1 200 OK"
[INFO]main - 2026-09-14 18:26:15 - Modello caricato
[INFO]httpx - 2026-09-14 18:26:58 - HTTP Request: GET https://raw.githubusercontent.com/Profession-AI/progetti-devops/main/Deploy%20e%20monitoraggio%20di%20un%20modello%20di%20sentiment%20analysis%20per%20recensioni/sentiment_analysis_model.pkl "HTTP/1.1 200 OK"
[INFO]main - 2026-09-14 18:27:03 - Modello caricato
[INFO]httpx - 2026-09-14 18:27:47 - HTTP Request: GET https://raw.githubusercontent.com/Profession-AI/progetti-devops/main/Deploy%20e%20monitoraggio%20di%20un%20modello%20di%20sentiment%20analysis%20per%20recensioni/sentiment_analysis_model.pkl "HTTP/1.1 200 OK"
[INFO]main - 2026-09-14 18:27:48 - Modello caricato
[INFO]httpx - 2026-09-14 18:28:37 - HTTP Request: GET https://raw.githubusercontent.com/Profession-AI/progetti-devops/main/Deploy%20e%20monitoraggio%20di%20un%20modello%20di%20sentiment%20analysis%20per%20recensioni/sentiment_analysis_model.pkl "HTTP/1.1 200 OK"
[INFO]main - 2026-09-14 18:28:38 - Modello caricato
[INFO]httpx - 2026-09-14 18:28:49 - HTTP Request: GET https://raw.githubusercontent.com/Profession-AI/progetti-devops/main/Deploy%20e%20monitoraggio%20di%20un%20modello%20di%20sentiment%20analysis%20per%20recensioni/sentiment_analysis_model.pkl "HTTP/1.1 200 OK"
[INFO]main - 2026-09-14 18:28:50 - Modello caricato
[INFO]httpx - 2026-09-14 18:29:24 - HTTP Request: GET https://raw.githubusercontent.com/Profession-AI/progetti-devops/main/Deploy%20e%20monitoraggio%20di%20un%20modello%20di%20sentiment%20analysis%20per%20recensioni/sentiment_analysis_model.pkl "HTTP/1.1 200 OK"
[INFO]main - 2026-09-14 18:29:25 - Modello caricato
[INFO]main - 2026-09-14 18:30:02 - [identify_sentiment] richiesta input: ['This product is amazing! I love it.']
[INFO]main - 2026-09-14 18:30:07 - [identify_sentiment] predizione output: ['positive']
[ERROR]main - 2026-09-14 18:30:20 - Errore in fase di prediction
[ERROR]main - 2026-09-14 18:30:20 - 2 validation errors for DetectionOutput
sentiment
  Field required [type=missing, input_value={'language_code': np.str_('positive')}, input_type=dict]
    For further information visit https://errors.pydantic.dev/2.13/v/missing
confidence
  Field required [type=missing, input_value={'language_code': np.str_('positive')}, input_type=dict]
    For further information visit https://errors.pydantic.dev/2.13/v/missing
[INFO]main - 2026-09-14 18:30:46 - [identify_sentiment] richiesta input: ['This product is amazing! I love it.']
[INFO]main - 2026-09-14 18:30:46 - [identify_sentiment] predizione output: ['positive']
[ERROR]main - 2026-09-14 18:31:05 - Errore in fase di prediction
[ERROR]main - 2026-09-14 18:31:05 - 2 validation errors for DetectionOutput
sentiment
  Field required [type=missing, input_value={'language_code': np.str_('positive')}, input_type=dict]
    For further information visit https://errors.pydantic.dev/2.13/v/missing
confidence
  Field required [type=missing, input_value={'language_code': np.str_('positive')}, input_type=dict]
    For further information visit https://errors.pydantic.dev/2.13/v/missing
[INFO]httpx - 2026-09-14 18:32:13 - HTTP Request: GET https://raw.githubusercontent.com/Profession-AI/progetti-devops/main/Deploy%20e%20monitoraggio%20di%20un%20modello%20di%20sentiment%20analysis%20per%20recensioni/sentiment_analysis_model.pkl "HTTP/1.1 200 OK"
[INFO]main - 2026-09-14 18:32:14 - Modello caricato
[INFO]main - 2026-09-14 18:35:48 - [identify_sentiment] richiesta input: ['This product is amazing! I love it.']
[INFO]main - 2026-09-14 18:35:48 - [identify_sentiment] predizione output: ['positive']
[ERROR]main - 2026-09-14 18:35:50 - Errore in fase di prediction
[ERROR]main - 2026-09-14 18:35:50 - 1 validation error for DetectionOutput
confidence
  Input should be a valid integer, got a number with a fractional part [type=int_from_float, input_value=np.float64(0.5683339988239603), input_type=float64]
    For further information visit https://errors.pydantic.dev/2.13/v/int_from_float
[INFO]main - 2026-09-14 18:36:06 - [identify_sentiment] richiesta input: ['This product is amazing! I love it.']
[INFO]main - 2026-09-14 18:36:06 - [identify_sentiment] predizione output: ['positive']
[ERROR]main - 2026-09-14 18:37:01 - Errore in fase di prediction
[ERROR]main - 2026-09-14 18:37:01 - 1 validation error for DetectionOutput
confidence
  Input should be a valid integer, got a number with a fractional part [type=int_from_float, input_value=np.float64(0.5683339988239603), input_type=float64]
    For further information visit https://errors.pydantic.dev/2.13/v/int_from_float
[INFO]main - 2026-09-14 18:37:20 - [identify_sentiment] richiesta input: ['This product is amazing! I love it.']
[INFO]main - 2026-09-14 18:37:20 - [identify_sentiment] predizione output: ['positive']
[ERROR]main - 2026-09-14 18:38:26 - Errore in fase di prediction
[ERROR]main - 2026-09-14 18:38:26 - 1 validation error for DetectionOutput
confidence
  Input should be a valid integer, got a number with a fractional part [type=int_from_float, input_value=np.float64(0.5683339988239603), input_type=float64]
    For further information visit https://errors.pydantic.dev/2.13/v/int_from_float
[INFO]httpx - 2026-09-14 18:38:29 - HTTP Request: GET https://raw.githubusercontent.com/Profession-AI/progetti-devops/main/Deploy%20e%20monitoraggio%20di%20un%20modello%20di%20sentiment%20analysis%20per%20recensioni/sentiment_analysis_model.pkl "HTTP/1.1 200 OK"
[INFO]main - 2026-09-14 18:38:30 - Modello caricato
[INFO]main - 2026-09-14 18:38:33 - [identify_sentiment] richiesta input: ['This product is amazing! I love it.']
[INFO]main - 2026-09-14 18:38:33 - [identify_sentiment] predizione output: ['positive']
[INFO]httpx - 2026-09-14 19:00:23 - HTTP Request: GET https://raw.githubusercontent.com/Profession-AI/progetti-devops/main/Deploy%20e%20monitoraggio%20di%20un%20modello%20di%20sentiment%20analysis%20per%20recensioni/sentiment_analysis_model.pkl "HTTP/1.1 200 OK"
[INFO]main - 2026-09-14 19:00:24 - Modello caricato
[INFO]httpx - 2026-09-14 20:26:45 - HTTP Request: GET https://raw.githubusercontent.com/Profession-AI/progetti-devops/main/Deploy%20e%20monitoraggio%20di%20un%20modello%20di%20sentiment%20analysis%20per%20recensioni/sentiment_analysis_model.pkl "HTTP/1.1 200 OK"
[ERROR]src.model - 2026-09-14 20:26:45 - Impossibile caricare modello
Traceback (most recent call last):
  File "/mnt/dati-ai/DATI_OLD/htdocs/pytone/ProfessionIA/cdci/src/model.py", line 17, in load_model
    pipeline = pickle.loads(resp.content)
ModuleNotFoundError: No module named 'sklearn'
